---
source: src/cli/monitor.rs
expression: output
---
┌──────────────────────────────────────────────────────────────────────────────────────────────────┐
│ NeuroGate v0.5.0 | waiting for data...                                                           │
└──────────────────────────────────────────────────────────────────────────────────────────────────┘
┌Limits────────────────────────────────────────────────────────────────────────────────────────────┐
│Collecting NeuroGate status...                                                                    │
│                                                                                                  │
│                                                                                                  │
│                                                                                                  │
│                                                                                                  │
│                                                                                                  │
│                                                                                                  │
│                                                                                                  │
│                                                                                                  │
│                                                                                                  │
│                                                                                                  │
│                                                                                                  │
└──────────────────────────────────────────────────────────────────────────────────────────────────┘
┌ alerts ──────────────────────────────────────────────────────────────────────────────────────────┐
│waiting for data                                                                                  │
│                                                                                                  │
│                                                                                                  │
└──────────────────────────────────────────────────────────────────────────────────────────────────┘
┌ agents ──────────────────────────────────────────────────────────────────────────────────────────┐
│waiting for data                                                                                  │
│                                                                                                  │
│                                                                                                  │
└──────────────────────────────────────────────────────────────────────────────────────────────────┘
┌──────────────────────────────────────────────────────────────────────────────────────────────────┐
│ q quit   r refresh  auto 5s  next 3s                                                             │
└──────────────────────────────────────────────────────────────────────────────────────────────────┘
