---
source: src/cli/monitor.rs
expression: output
---
┌──────────────────────────────────────────────────────────────────────────────────────────────────┐
│ VibeMode v0.6.0 Dir | waiting for data...                                                        │
└──────────────────────────────────────────────────────────────────────────────────────────────────┘
┌Limits────────────────────────────────────────────────────────────────────────────────────────────┐
│Collecting VibeMode status...                                                                     │
│                                                                                                  │
│                                                                                                  │
│                                                                                                  │
│                                                                                                  │
│                                                                                                  │
│                                                                                                  │
│                                                                                                  │
│                                                                                                  │
│                                                                                                  │
│                                                                                                  │
│                                                                                                  │
└──────────────────────────────────────────────────────────────────────────────────────────────────┘
┌ alerts ──────────────────────────────────────────────────────────────────────────────────────────┐
│waiting for data                                                                                  │
│                                                                                                  │
│                                                                                                  │
└──────────────────────────────────────────────────────────────────────────────────────────────────┘
┌ agents ──────────────────────────────────────────────────────────────────────────────────────────┐
│waiting for data                                                                                  │
│                                                                                                  │
│                                                                                                  │
└──────────────────────────────────────────────────────────────────────────────────────────────────┘
┌──────────────────────────────────────────────────────────────────────────────────────────────────┐
│ q quit   r refresh  auto 5s  next 3s                                                             │
└──────────────────────────────────────────────────────────────────────────────────────────────────┘
